// Jest Snapshot v1, https://goo.gl/fbAQLP

exports[`<DashboardPage /> should render without error 1`] = `
.c0 {
  margin: 0;
  padding: 0;
  border: 0;
  box-sizing: border-box;
  font-size: 100%;
  font: inherit;
  vertical-align: baseline;
  width: 100%;
}

.c1 {
  margin: 0;
  padding: 0;
  border: 0;
  box-sizing: border-box;
  font-size: 100%;
  font: inherit;
  vertical-align: baseline;
  background-color: #fa4616;
  width: 100%;
}

.c3 {
  margin: 0;
  padding: 0;
  border: 0;
  box-sizing: border-box;
  font-size: 100%;
  font: inherit;
  vertical-align: baseline;
  display: -webkit-box;
  display: -webkit-flex;
  display: -ms-flexbox;
  display: flex;
  margin-top: -88px;
  margin-bottom: 32px;
  -webkit-box-pack: center;
  -webkit-justify-content: center;
  -ms-flex-pack: center;
  justify-content: center;
  width: 100%;
}

.c5 {
  margin: 0;
  padding: 0;
  border: 0;
  box-sizing: border-box;
  font-size: 100%;
  font: inherit;
  vertical-align: baseline;
  display: -webkit-box;
  display: -webkit-flex;
  display: -ms-flexbox;
  display: flex;
  -webkit-flex-direction: column;
  -ms-flex-direction: column;
  flex-direction: column;
  padding-left: 16px;
  padding-right: 16px;
  -webkit-box-pack: center;
  -webkit-justify-content: center;
  -ms-flex-pack: center;
  justify-content: center;
  width: 100%;
}

.c6 {
  margin: 0;
  padding: 0;
  border: 0;
  box-sizing: border-box;
  font-size: 100%;
  font: inherit;
  vertical-align: baseline;
  display: block;
  width: 100%;
}

.c8 {
  margin: 0;
  padding: 0;
  border: 0;
  box-sizing: border-box;
  font-size: 100%;
  font: inherit;
  vertical-align: baseline;
  display: block;
}

.c9 {
  margin: 0;
  padding: 0;
  border: 0;
  box-sizing: border-box;
  font-size: 100%;
  font: inherit;
  vertical-align: baseline;
  background-color: white;
  padding-top: 24px;
  padding-bottom: 24px;
  padding-left: 16px;
  padding-right: 16px;
  width: 100%;
}

.c12 {
  margin: 0;
  padding: 0;
  border: 0;
  box-sizing: border-box;
  font-size: 100%;
  font: inherit;
  vertical-align: baseline;
  background-color: #e3e3e3;
  display: -webkit-box;
  display: -webkit-flex;
  display: -ms-flexbox;
  display: flex;
  -webkit-align-items: center;
  -webkit-box-align: center;
  -ms-flex-align: center;
  align-items: center;
  -webkit-box-pack: center;
  -webkit-justify-content: center;
  -ms-flex-pack: center;
  justify-content: center;
  position: relative;
  overflow: hidden;
}

.c16 {
  margin: 0;
  padding: 0;
  border: 0;
  box-sizing: border-box;
  font-size: 100%;
  font: inherit;
  vertical-align: baseline;
  background-color: transparent;
  padding-top: 8px;
  padding-bottom: 8px;
  width: 100%;
}

.c15 {
  margin: 0;
  padding: 0;
  border: 0;
  box-sizing: border-box;
  font-size: 100%;
  font: inherit;
  vertical-align: baseline;
  text-align: left;
}

.c13 {
  margin: 0;
  padding: 0;
  border: 0;
  box-sizing: border-box;
  font-size: 100%;
  font: inherit;
  vertical-align: baseline;
  text-align: left;
}

.c14 {
  max-width: 100%;
}

.c7:empty {
  display: none;
}

.c7:empty + div:before {
  display: none;
}

.c7:not(:empty) ~ div:not(:empty):before {
  content: "";
  display: block;
  -webkit-align-self: stretch;
  -ms-flex-item-align: stretch;
  align-self: stretch;
  position: relative;
  height: 0.1px;
  margin-top: 16px;
}

.c7:nth-child(n + 2):before {
  content: "";
  display: block;
  -webkit-align-self: stretch;
  -ms-flex-item-align: stretch;
  align-self: stretch;
  position: relative;
  height: 0.1px;
  margin-top: 16px;
}

.c10:empty {
  display: none;
}

.c10:empty + div:before {
  display: none;
}

.c10:not(:empty) ~ div:not(:empty):before {
  content: "";
  display: block;
  -webkit-align-self: stretch;
  -ms-flex-item-align: stretch;
  align-self: stretch;
  position: relative;
  height: 0.1px;
  margin-top: 16px;
}

.c10:nth-child(n + 2):before {
  content: "";
  display: block;
  -webkit-align-self: stretch;
  -ms-flex-item-align: stretch;
  align-self: stretch;
  position: relative;
  height: 0.1px;
  margin-top: 16px;
}

.c11 {
  width: 100%;
  min-width: 10px;
  height: 120px;
  border: 2px solid rgba(51,51,51,0.3);
}

@media screen and (min-width:992px) {
  .c1 {
    display: none;
  }
}

@media screen and (min-width:992px) {
  .c3 {
    margin-top: 48px;
  }
}

@media screen and (min-width:992px) {
  .c3 {
    margin-bottom: 48px;
  }
}

@media screen and (min-width:0px) {
  .c9 {
    border-radius: 8px;
  }
}

@media screen and (min-width:576px) {
  .c9 {
    border-radius: 8px;
  }
}

@media screen and (min-width:768px) {
  .c9 {
    border-radius: 8px;
  }
}

@media screen and (min-width:992px) {
  .c9 {
    border-radius: 8px;
  }
}

@media screen and (min-width:1200px) {
  .c9 {
    border-radius: 8px;
  }
}

@media screen and (min-width:992px) {
  .c9 {
    padding-top: 32px;
  }
}

@media screen and (min-width:992px) {
  .c9 {
    padding-bottom: 32px;
  }
}

@media screen and (min-width:576px) {
  .c9 {
    padding-left: 32px;
  }
}

@media screen and (min-width:576px) {
  .c9 {
    padding-right: 32px;
  }
}

@media screen and (min-width:576px) {
  .c16 {
    padding-top: 8px;
  }
}

@media screen and (min-width:768px) {
  .c16 {
    padding-top: 8px;
  }
}

@media screen and (min-width:992px) {
  .c16 {
    padding-top: 0;
  }
}

@media screen and (min-width:1200px) {
  .c16 {
    padding-top: 0;
  }
}

@media screen and (min-width:576px) {
  .c16 {
    padding-bottom: 8px;
  }
}

@media screen and (min-width:768px) {
  .c16 {
    padding-bottom: 8px;
  }
}

@media screen and (min-width:992px) {
  .c16 {
    padding-bottom: 0;
  }
}

@media screen and (min-width:1200px) {
  .c16 {
    padding-bottom: 0;
  }
}

@media screen and (min-width:576px) {
  .c7:not(:empty) ~ div:not(:empty):before {
    margin-top: 16px;
  }
}

@media screen and (min-width:768px) {
  .c7:not(:empty) ~ div:not(:empty):before {
    margin-top: 16px;
  }
}

@media screen and (min-width:992px) {
  .c7:not(:empty) ~ div:not(:empty):before {
    margin-top: 32px;
  }
}

@media screen and (min-width:1200px) {
  .c7:not(:empty) ~ div:not(:empty):before {
    margin-top: 32px;
  }
}

@media screen and (min-width:576px) {
  .c7:nth-child(n + 2):before {
    margin-top: 16px;
  }
}

@media screen and (min-width:768px) {
  .c7:nth-child(n + 2):before {
    margin-top: 16px;
  }
}

@media screen and (min-width:992px) {
  .c7:nth-child(n + 2):before {
    margin-top: 32px;
  }
}

@media screen and (min-width:1200px) {
  .c7:nth-child(n + 2):before {
    margin-top: 32px;
  }
}

@media screen and (min-width:576px) {
  .c10:not(:empty) ~ div:not(:empty):before {
    margin-top: 16px;
  }
}

@media screen and (min-width:768px) {
  .c10:not(:empty) ~ div:not(:empty):before {
    margin-top: 16px;
  }
}

@media screen and (min-width:992px) {
  .c10:not(:empty) ~ div:not(:empty):before {
    margin-top: 24px;
  }
}

@media screen and (min-width:1200px) {
  .c10:not(:empty) ~ div:not(:empty):before {
    margin-top: 24px;
  }
}

@media screen and (min-width:576px) {
  .c10:nth-child(n + 2):before {
    margin-top: 16px;
  }
}

@media screen and (min-width:768px) {
  .c10:nth-child(n + 2):before {
    margin-top: 16px;
  }
}

@media screen and (min-width:992px) {
  .c10:nth-child(n + 2):before {
    margin-top: 24px;
  }
}

@media screen and (min-width:1200px) {
  .c10:nth-child(n + 2):before {
    margin-top: 24px;
  }
}

@media (min-width:576px) {
  .c4 {
    max-width: 508px;
  }
}

@media (min-width:768px) {
  .c4 {
    max-width: 448px;
  }
}

@media (min-width:992px) {
  .c4 {
    max-width: 448px;
  }
}

@media (min-width:1200px) {
  .c4 {
    max-width: 538px;
  }
}

@media screen and (min-width:0px) {
  .c2 {
    margin-top: -88px;
  }
}

@media screen and (min-width:992px) {
  .c2 {
    margin-top: 48px;
  }
}

@media screen and (min-width:0px) {
  .c2 {
    margin-bottom: 32px;
  }
}

@media screen and (min-width:992px) {
  .c2 {
    margin-bottom: 48px;
  }
}

<div>
  <div
    class="c0"
    data-id="dashboard"
    width="full"
  >
    <div
      class="c1"
      display=",,,none,"
      style="height: 120px;"
      width="full"
    />
    <div
      class="c2 c3"
      display="flex"
      width="full"
    >
      <div
        class="c4 c5"
        display="flex"
        width="full"
      >
        <div
          class="c6"
          data-id="stack"
          display="block"
          width="full"
        >
          <div
            class="c7 c8"
            data-id="stack-child"
            display="block"
          >
            <div
              class="c6"
              data-id="stack"
              display="block"
              width="full"
            >
              <div
                class="c7 c8"
                data-id="stack-child"
                display="block"
              >
                <div
                  data-id="service-id"
                >
                  A-132645879
                </div>
              </div>
            </div>
          </div>
          <div
            class="c7 c8"
            data-id="stack-child"
            display="block"
          >
            <div
              class="c0"
              data-id="fuel-discount-widget"
              width="full"
            >
              <div
                class="c9"
                data-id="card"
                width="full"
              >
                <div
                  class="c6"
                  data-id="stack"
                  display="block"
                  width="full"
                >
                  <div
                    class="c10 c8"
                    data-id="stack-child"
                    display="block"
                  >
                    <div
                      class="c11 c12"
                      data-id="placeholder"
                      display="flex"
                      height="120"
                      overflow="hidden"
                      shape="rectangle"
                      width="100%"
                    >
                      <svg
                        style="width: 100%; height: 100%; position: absolute;"
                        xmlns="http://www.w3.org/2000/svg"
                      >
                        <line
                          style="stroke-width: 2px; stroke: rgba(51,51,51,.1);"
                          x1="0"
                          x2="100%"
                          y1="0"
                          y2="100%"
                        />
                        <line
                          style="stroke-width: 2px; stroke: rgba(51,51,51,.1);"
                          x1="100%"
                          x2="0"
                          y1="0"
                          y2="100%"
                        />
                      </svg>
                    </div>
                  </div>
                  <div
                    class="c10 c8"
                    data-id="stack-child"
                    display="block"
                  >
                    <h4
                      class="typography-h4-variant-basekick-1 typography-neutralDark-color-2 typography-strong-support-3 typography-medium-weight-4 -h4 c13"
                      data-id="heading"
                    >
                      Save 4¢ per litre at EG fuel locations
                    </h4>
                  </div>
                  <div
                    class="c10 c8"
                    data-id="stack-child"
                    display="block"
                  >
                    <span
                      class="typography-body-variant-basekick-6 typography-neutral-color-7 typography-regular-weight-8 typography-strong-support-9 c14 -span c15"
                      data-id="text"
                    >
                      Save even more by combining with other offers!
                    </span>
                  </div>
                  <div
                    class="c10 c8"
                    data-id="stack-child"
                    display="block"
                  >
                    <button
                      class="MuiButtonBase-root MuiButton-root Button-root-11 Button-root-24 MuiButton-contained Button-contained-16 MuiButton-containedPrimary Button-containedPrimary-17"
                      data-id="button"
                      tabindex="0"
                      type="button"
                    >
                      <span
                        class="MuiButton-label"
                      >
                        Get offer
                      </span>
                      <span
                        class="MuiTouchRipple-root"
                      />
                    </button>
                  </div>
                </div>
              </div>
            </div>
          </div>
          <div
            class="c7 c8"
            data-id="stack-child"
            display="block"
          />
          <div
            class="c7 c8"
            data-id="stack-child"
            display="block"
          />
          <div
            class="c7 c8"
            data-id="stack-child"
            display="block"
          >
            <div
              class="c9"
              data-id="contact-card"
              width="full"
            >
              <div
                class="c6"
                data-id="stack"
                display="block"
                width="full"
              >
                <div
                  class="c10 c8"
                  data-id="stack-child"
                  display="block"
                >
                  <h4
                    class="typography-h4-variant-basekick-39 typography-neutralDark-color-40 typography-strong-support-41 typography-medium-weight-42 -h4 c13"
                    data-id="heading"
                  >
                    Need help?
                  </h4>
                </div>
                <div
                  class="c10 c8"
                  data-id="stack-child"
                  display="block"
                >
                  <span
                    class="typography-body-variant-basekick-44 typography-neutral-color-45 typography-regular-weight-46 typography-strong-support-47 c14 -span c15"
                    data-id="text"
                  >
                    Contact us and we'll get back to you as soon as possible.
                  </span>
                </div>
                <div
                  class="c10 c8"
                  data-id="stack-child"
                  display="block"
                >
                  <button
                    class="MuiButtonBase-root MuiButton-root Button-root-11 Button-root-49 MuiButton-outlined Button-outlined-19 MuiButton-outlinedPrimary Button-outlinedPrimary-20"
                    data-id="open-contact-us"
                    tabindex="0"
                    type="button"
                  >
                    <span
                      class="MuiButton-label"
                    >
                      Contact us
                    </span>
                    <span
                      class="MuiTouchRipple-root"
                    />
                  </button>
                </div>
              </div>
            </div>
          </div>
          <div
            class="c7 c8"
            data-id="stack-child"
            display="block"
          >
            <div
              class="c16"
              width="full"
            >
              <span
                class="typography-body-variant-basekick-52 typography-neutral-color-53 typography-regular-weight-54 typography-strong-support-55 c14 -span c15"
                data-id="text"
              >
                Amounts include GST although your account balance may also have non-taxable items. Check the bill we sent you for a full breakdown.
              </span>
            </div>
          </div>
        </div>
      </div>
    </div>
  </div>
</div>
`;
