// Jest Snapshot v1, https://goo.gl/fbAQLP

exports[`<Failure /> should render without error 1`] = `
<div>
  <div
    data-id="component"
  />
</div>
`;
