// Jest Snapshot v1, https://goo.gl/fbAQLP

exports[`<AppContext /> should render without error 1`] = `
<div>
  Hello world
</div>
`;
